checking for a BSD-compatible install... /usr/bin/install -c
checking whether build environment is sane... yes
checking for wasm32-unknown-wasi-strip... no
checking for strip... strip
checking for a race-free mkdir -p... /usr/bin/mkdir -p
checking for gawk... gawk
checking whether make sets $(MAKE)... yes
checking whether make supports nested variables... yes
checking whether make supports nested variables... (cached) yes
checking for wasm32-unknown-wasi-gcc... /home/clang+llvm-16.0.4-x86_64-linux-gnu-ubuntu-22.04/bin/clang-16 -pthread --target=wasm32-unknown-wasi --sysroot /home/lind-wasm/glibc/sysroot -Wl,--import-memory,--export-memory,--max-memory=67108864,--export=__stack_pointer -D _FILE_OFFSET_BITS=64 -D __USE_LARGEFILE64 -g -O0
checking whether the C compiler works... yes
checking for C compiler default output file name... a.out
checking for suffix of executables... 
checking whether we are cross compiling... yes
checking for suffix of object files... o
checking whether the compiler supports GNU C... yes
checking whether /home/clang+llvm-16.0.4-x86_64-linux-gnu-ubuntu-22.04/bin/clang-16 -pthread --target=wasm32-unknown-wasi --sysroot /home/lind-wasm/glibc/sysroot -Wl,--import-memory,--export-memory,--max-memory=67108864,--export=__stack_pointer -D _FILE_OFFSET_BITS=64 -D __USE_LARGEFILE64 -g -O0 accepts -g... yes
checking for /home/clang+llvm-16.0.4-x86_64-linux-gnu-ubuntu-22.04/bin/clang-16 -pthread --target=wasm32-unknown-wasi --sysroot /home/lind-wasm/glibc/sysroot -Wl,--import-memory,--export-memory,--max-memory=67108864,--export=__stack_pointer -D _FILE_OFFSET_BITS=64 -D __USE_LARGEFILE64 -g -O0 option to enable C11 features... none needed
checking whether /home/clang+llvm-16.0.4-x86_64-linux-gnu-ubuntu-22.04/bin/clang-16 -pthread --target=wasm32-unknown-wasi --sysroot /home/lind-wasm/glibc/sysroot -Wl,--import-memory,--export-memory,--max-memory=67108864,--export=__stack_pointer -D _FILE_OFFSET_BITS=64 -D __USE_LARGEFILE64 -g -O0 understands -c and -o together... yes
checking whether the compiler is clang... yes
checking for compiler option needed when checking for declarations... -Werror=implicit-function-declaration
checking whether make supports the include directive... yes (GNU style)
checking dependency style of /home/clang+llvm-16.0.4-x86_64-linux-gnu-ubuntu-22.04/bin/clang-16 -pthread --target=wasm32-unknown-wasi --sysroot /home/lind-wasm/glibc/sysroot -Wl,--import-memory,--export-memory,--max-memory=67108864,--export=__stack_pointer -D _FILE_OFFSET_BITS=64 -D __USE_LARGEFILE64 -g -O0... gcc3
checking how to run the C preprocessor... /home/clang+llvm-16.0.4-x86_64-linux-gnu-ubuntu-22.04/bin/clang-16 -pthread --target=wasm32-unknown-wasi --sysroot /home/lind-wasm/glibc/sysroot -Wl,--import-memory,--export-memory,--max-memory=67108864,--export=__stack_pointer -D _FILE_OFFSET_BITS=64 -D __USE_LARGEFILE64 -g -O0 -E
checking for wasm32-unknown-wasi-ranlib... no
checking for ranlib... ranlib
checking for grep that handles long lines and -e... /usr/bin/grep
checking for egrep... /usr/bin/grep -E
checking whether ln -s works... yes
checking for stdio.h... yes
checking for stdlib.h... yes
checking for string.h... yes
checking for inttypes.h... yes
checking for stdint.h... yes
checking for strings.h... yes
checking for sys/stat.h... yes
checking for sys/types.h... yes
checking for unistd.h... yes
checking for wchar.h... yes
checking for minix/config.h... no
checking for arpa/inet.h... yes
checking for features.h... yes
checking for sys/socket.h... yes
checking for xlocale.h... no
checking for sys/param.h... yes
checking for dirent.h... yes
checking for error.h... yes
checking for fnmatch.h... yes
checking for stdio_ext.h... yes
checking for sys/vfs.h... yes
checking for sys/fs_types.h... no
checking for netdb.h... yes
checking for netinet/in.h... yes
checking for getopt.h... yes
checking for sys/cdefs.h... yes
checking for termios.h... yes
checking for sys/time.h... yes
checking for grp.h... yes
checking for threads.h... yes
checking for iconv.h... yes
checking for limits.h... yes
checking for crtdefs.h... no
checking for wctype.h... yes
checking for langinfo.h... yes
checking for math.h... yes
checking for sys/mman.h... yes
checking for sys/statvfs.h... yes
checking for priv.h... no
checking for sys/select.h... yes
checking for pthread.h... yes
checking for utmp.h... yes
checking for utmpx.h... yes
checking for malloc.h... yes
checking for selinux/selinux.h... no
checking for stdbool.h... yes
checking for stdckdint.h... no
checking for sys/ioctl.h... yes
checking for sys/random.h... yes
checking for sys/resource.h... yes
checking for sys/uio.h... yes
checking for sys/utsname.h... yes
checking for sys/wait.h... yes
checking for utime.h... yes
checking for semaphore.h... yes
checking for hurd.h... no
checking for linux/falloc.h... yes
checking for linux/fs.h... yes
checking for paths.h... yes
checking for stropts.h... no
checking for sys/mtio.h... yes
checking for sys/systeminfo.h... no
checking for syslog.h... yes
checking for pwd.h... yes
checking for OS.h... no
checking for vfork.h... no
checking whether it is safe to define __EXTENSIONS__... yes
checking whether _XOPEN_SOURCE should be defined... no
checking build system type... x86_64-pc-linux-gnux32
checking host system type... wasm32-unknown-wasi
checking for egrep -e... (cached) /usr/bin/grep -E
checking for Minix Amsterdam compiler... no
checking for wasm32-unknown-wasi-ar... no
checking for ar... ar
checking for /home/clang+llvm-16.0.4-x86_64-linux-gnu-ubuntu-22.04/bin/clang-16 -pthread --target=wasm32-unknown-wasi --sysroot /home/lind-wasm/glibc/sysroot -Wl,--import-memory,--export-memory,--max-memory=67108864,--export=__stack_pointer -D _FILE_OFFSET_BITS=64 -D __USE_LARGEFILE64 -g -O0 option to enable large file support... none needed
checking for /home/clang+llvm-16.0.4-x86_64-linux-gnu-ubuntu-22.04/bin/clang-16 -pthread --target=wasm32-unknown-wasi --sysroot /home/lind-wasm/glibc/sysroot -Wl,--import-memory,--export-memory,--max-memory=67108864,--export=__stack_pointer -D _FILE_OFFSET_BITS=64 -D __USE_LARGEFILE64 -g -O0 option to enable timestamps after Jan 2038... -D_TIME_BITS=64
configure: autobuild project... GNU coreutils
configure: autobuild revision... 9.3
configure: autobuild hostname... 4f8bf61f7047
configure: autobuild timestamp... 20241021T191803Z
checking for fchmod... yes
checking for pathconf... yes
checking for btowc... yes
checking for mbrtowc... yes
checking for canonicalize_file_name... yes
checking for realpath... yes
checking for lstat... yes
checking for chown... yes
checking for fchown... yes
checking for _set_invalid_parameter_handler... no
checking for fchdir... yes
checking for fdopendir... yes
checking for explicit_bzero... yes
checking for posix_fadvise... yes
checking for fchmodat... yes
checking for lchmod... yes
checking for fcntl... yes
checking for symlink... yes
checking for fnmatch... yes
checking for mbsrtowcs... yes
checking for fpurge... no
checking for __freadahead... no
checking for __freadptr... no
checking for __freadptrinc... no
checking for fstatat... yes
checking for fsync... yes
checking for openat... yes
checking for fstatfs... yes
checking for getdtablesize... yes
checking for microuptime... no
checking for nanouptime... no
checking for getlogin... yes
checking for flockfile... yes
checking for funlockfile... yes
checking for getpass... yes
checking for getexecname... no
checking for timespec_getres... yes
checking for gettimeofday... yes
checking for getusershell... yes
checking for isblank... yes
checking for iswcntrl... yes
checking for link... yes
checking for readlink... yes
checking for mbsinit... yes
checking for mbrlen... yes
checking for mbslen... no
checking for isascii... yes
checking for mprotect... no
checking for memset_explicit... no
checking for memset_s... no
checking for getgrouplist... yes
checking for mkdirat... yes
checking for mknod... yes
checking for mkstemp... yes
checking for pipe... yes
checking for pselect... yes
checking for pthread_sigmask... yes
checking for utmpname... yes
checking for utmpxname... yes
checking for iswctype... yes
checking for renameat... yes
checking for fpathconf... yes
checking for secure_getenv... yes
checking for getuid... yes
checking for geteuid... yes
checking for getgid... yes
checking for getegid... yes
checking for setenv... yes
checking for settimeofday... yes
checking for stime... no
checking for sigaction... yes
checking for sigaltstack... no
checking for siginterrupt... yes
checking for snprintf... yes
checking for __xpg_strerror_r... yes
checking for strtoimax... yes
checking for strtold... yes
checking for strtoumax... yes
checking for localtime_r... yes
checking for unlinkat... yes
checking for vasnprintf... no
checking for wcrtomb... yes
checking for wcwidth... yes
checking for wcswidth... yes
checking for pause... yes
checking for getrusage... yes
checking for sleep... yes
checking for shutdown... yes
checking for usleep... yes
checking for mquery... no
checking for pstat_getprocvm... no
checking for wctob... yes
checking for directio... no
checking for nl_langinfo... yes
checking for setitimer... yes
checking for setrlimit... yes
checking for prctl... yes
checking for endgrent... yes
checking for endpwent... yes
checking for fallocate... yes
checking for ftruncate... yes
checking for iswspace... yes
checking for mkfifo... yes
checking for setgroups... yes
checking for sethostname... yes
checking for sync... yes
checking for syncfs... yes
checking for sysctl... no
checking for sysinfo... no
checking for tcgetpgrp... yes
checking for getgrgid_nomembers... no
checking for getgrnam_nomembers... no
checking for getgrent_nomembers... no
checking for fork... yes
checking for vfork... yes
checking for sys/acl.h... no
checking for /home/clang+llvm-16.0.4-x86_64-linux-gnu-ubuntu-22.04/bin/clang-16 -pthread --target=wasm32-unknown-wasi --sysroot /home/lind-wasm/glibc/sysroot -Wl,--import-memory,--export-memory,--max-memory=67108864,--export=__stack_pointer -D _FILE_OFFSET_BITS=64 -D __USE_LARGEFILE64 -g -O0 options needed to detect all undeclared functions... none needed
checking for size_t... yes
checking for working alloca.h... yes
checking for alloca... yes
checking whether the preprocessor supports include_next... yes
checking whether source code line length is unlimited... yes
checking for d_ino member in directory struct... guessing no
checking for long file names... yes
checking for C/C++ restrict keyword... __restrict__
checking whether <wchar.h> uses 'inline' correctly... yes
checking for nl_langinfo and CODESET... yes
checking for a traditional french locale... none
checking for uselocale... yes
checking whether uselocale works... guessing yes
checking whether malloc is ptrdiff_t safe... yes
checking whether malloc, realloc, calloc set errno on failure... yes
checking whether lstat correctly handles trailing slash... guessing no
checking whether // is distinct from /... unknown, assuming no
checking whether realpath works... guessing no
checking for uid_t... yes
checking for gid_t... yes
checking for unistd.h... (cached) yes
checking for working chown... guessing no
checking whether chown dereferences symlinks... guessing yes
checking whether chown honors trailing slash... guessing no
checking whether chown always updates ctime... guessing no
checking whether <sys/socket.h> is self-contained... yes
checking for shutdown... (cached) yes
checking whether <sys/socket.h> defines the SHUT_* macros... yes
checking for struct sockaddr_storage... yes
checking for sa_family_t... yes
checking for struct sockaddr_storage.ss_family... yes
checking for inline... inline
checking whether linux/if_alg.h has struct sockaddr_alg.... yes
checking whether byte ordering is bigendian... no
checking if environ is properly declared... yes
checking for complete errno.h... yes
checking for error... no
checking whether error_at_line is declared... yes
checking for error_at_line... no
checking whether strerror_r is declared... yes
checking whether strerror_r returns char *... yes
checking type of array argument to getgroups... gid_t
checking whether ctype.h defines __header_inline... no
checking whether fchdir is declared... yes
checking for working fcntl.h... cross-compiling
checking for pid_t... yes
checking for mode_t... yes
checking for promoted mode_t type... mode_t
checking whether fdatasync is declared... yes
checking whether strmode is declared... no
checking for mempcpy... yes
checking for mbstate_t... yes
checking whether frexp() can be used without linking with libm... yes
checking whether alarm is declared... yes
checking whether long double and double are the same... no
checking whether stdin defaults to large file offsets... yes
checking whether fseeko is declared... yes
checking for fseeko... yes
checking whether fflush works on input streams... cross
checking whether stat file-mode macros are broken... no
checking for nlink_t... yes
checking whether ftello is declared... yes
checking whether ungetc works on arbitrary bytes... guessing no
checking for ftello... yes
checking whether ftello works... guessing yes
checking for O_CLOEXEC... yes
checking for library containing gethostbyname... no
checking for gethostbyname... no
checking for gethostbyname in winsock2.h and -lws2_32... no
checking for library containing getservbyname... none required
checking for getservbyname... yes
checking for library containing inet_ntop... none required
checking whether inet_ntop is declared... yes
checking for IPv4 sockets... yes
checking for IPv6 sockets... yes
checking whether getcwd (NULL, 0) allocates memory for result... guessing no
checking for getcwd with POSIX signature... yes
checking whether getcwd is declared... yes
checking whether getdelim is declared... yes
checking whether getdtablesize is declared... yes
checking for arithmetic hrtime_t... no
checking whether getline is declared... yes
checking whether getlogin is declared... yes
checking for ssize_t... yes
checking for getopt.h... (cached) yes
checking for getopt_long_only... yes
checking whether getopt is POSIX compatible... guessing yes
checking for working GNU getopt function... guessing no
checking whether fflush_unlocked is declared... yes
checking whether flockfile is declared... yes
checking whether fputs_unlocked is declared... yes
checking whether funlockfile is declared... yes
checking whether putc_unlocked is declared... yes
checking whether timespec_get is declared... yes
checking for timespec_get... yes
checking for struct timeval... yes
checking for wide-enough struct timeval.tv_sec member... yes
checking for pthread.h... (cached) yes
checking for pthread_kill in -lpthread... yes
checking whether POSIX threads API is available... yes
checking for sched_yield in -lrt... no
checking for sched_yield in -lposix4... no
checking whether setlocale (LC_ALL, NULL) is multithread-safe... guessing no
checking whether setlocale (category, NULL) is multithread-safe... guessing no
checking whether imported symbols can be declared weak... guessing no
checking for ld used by /home/clang+llvm-16.0.4-x86_64-linux-gnu-ubuntu-22.04/bin/clang-16 -pthread --target=wasm32-unknown-wasi --sysroot /home/lind-wasm/glibc/sysroot -Wl,--import-memory,--export-memory,--max-memory=67108864,--export=__stack_pointer -D _FILE_OFFSET_BITS=64 -D __USE_LARGEFILE64 -g -O0... /usr/bin/ld
checking if the linker (/usr/bin/ld) is GNU ld... yes
checking for shared library run path origin... done
checking 32-bit host C ABI... unknown
checking for ELF binary format... no
checking for the common suffixes of directories in the library search path... lib,lib32,lib64
checking for iconv... yes
checking for working iconv... guessing yes
checking whether iconv is compatible with its POSIX signature... yes
checking for off_t... yes
checking whether limits.h has WORD_BIT, BOOL_WIDTH etc.... yes
checking for wint_t... yes
checking whether wint_t is large enough... yes
checking whether the compiler produces multi-arch binaries... no
checking whether stdint.h conforms to C99... no
checking for sys/inttypes.h... no
checking for sys/bitypes.h... yes
checking for bit size of ptrdiff_t... 32
checking for bit size of size_t... 32
checking for bit size of sig_atomic_t... 32
checking for bit size of wchar_t... 32
checking for bit size of wint_t... 32
checking whether sig_atomic_t is signed... yes
checking whether wchar_t is signed... yes
checking whether wint_t is signed... yes
checking for ptrdiff_t integer literal suffix... l
checking for size_t integer literal suffix... ul
checking for sig_atomic_t integer literal suffix... 
checking for wchar_t integer literal suffix... 
checking for wint_t integer literal suffix... 
checking whether INT32_MAX < INTMAX_MAX... yes
checking whether INT64_MAX == LONG_MAX... no
checking whether UINT32_MAX < UINTMAX_MAX... yes
checking whether UINT64_MAX == ULONG_MAX... no
checking where to find the exponent in a 'double'... (cached) word 1 bit 20
checking where to find the exponent in a 'float'... word 0 bit 23
checking where to find the exponent in a 'long double'... unknown
checking whether iswcntrl works... guessing yes
checking for towlower... yes
checking for wctype_t... yes
checking for wctrans_t... yes
checking for a traditional japanese locale... none
checking for a french Unicode locale... none
checking for a transitional chinese locale... none
checking whether langinfo.h defines CODESET... yes
checking whether langinfo.h defines T_FMT_AMPM... yes
checking whether langinfo.h defines ALTMON_1... yes
checking whether langinfo.h defines ERA... yes
checking whether langinfo.h defines YESEXPR... yes
checking for wchar_t... yes
checking for good max_align_t... yes
checking whether NULL can be used in arbitrary expressions... yes
checking for unreachable... no
checking whether locale.h defines locale_t... yes
checking whether locale.h conforms to POSIX:2001... yes
checking whether struct lconv is properly defined... yes
checking whether imported symbols can be declared weak... (cached) guessing no
checking for multithread API to use... posix
checking for a sed that does not truncate output... /usr/bin/sed
checking whether malloc (0) returns nonnull... guessing no
checking whether NAN macro works... yes
checking whether HUGE_VAL works... yes
checking whether mbrtowc handles incomplete characters... guessing yes
checking whether mbrtowc works as well as mbtowc... guessing yes
checking whether mbrtowc handles a NULL pwc argument... guessing yes
checking whether mbrtowc handles a NULL string argument... guessing yes
checking whether mbrtowc has a correct return value... guessing yes
checking whether mbrtowc returns 0 when parsing a NUL character... guessing yes
checking whether mbrtowc stores incomplete characters... guessing no
checking whether mbrtowc works on empty input... guessing yes
checking whether the C locale is free of encoding errors... guessing no
checking for mmap... yes
checking for MAP_ANONYMOUS... yes
checking whether memchr works... guessing no
checking whether memrchr is declared... yes
checking whether <limits.h> defines MIN and MAX... no
checking whether <sys/param.h> defines MIN and MAX... yes
checking for compiler option needed when checking for future declarations... none
checking whether time_t is signed... yes
checking for working mktime... guessing no
checking whether struct tm is in sys/time.h or time.h... time.h
checking for struct tm.tm_zone... yes
checking for struct tm.tm_gmtoff... yes
checking for compound literals... yes
checking for external symbol _system_configuration... no
checking for desired default level of POSIX conformance... none-specified
checking whether <sys/select.h> is self-contained... yes
checking for pthread_t... yes
checking for pthread_spinlock_t... yes
checking for PTHREAD_CREATE_DETACHED... yes
checking for PTHREAD_MUTEX_RECURSIVE... yes
checking for PTHREAD_MUTEX_ROBUST... yes
checking for PTHREAD_PROCESS_SHARED... yes
checking for sigset_t... yes
checking whether rmdir works... guessing no
checking whether unlink honors trailing slashes... guessing no
checking whether unlink of a parent directory fails as it should... guessing yes
checking for sched.h... yes
checking for struct sched_param... yes
checking for library containing setsockopt... none needed
checking for library containing setfilecon... no
checking whether setenv is declared... yes
checking for search.h... yes
checking for tsearch... yes
checking for volatile sig_atomic_t... yes
checking for sighandler_t... yes
checking whether snprintf returns a byte count as in C99... guessing no
checking whether printf supports POSIX/XSI format strings with positions... guessing yes
checking whether snprintf is declared... yes
checking whether fcloseall is declared... yes
checking whether getw is declared... yes
checking whether putw is declared... yes
checking which flavor of printf attribute matches inttypes macros... system
checking whether ecvt is declared... yes
checking whether fcvt is declared... yes
checking whether gcvt is declared... yes
checking whether MB_CUR_MAX is correct... guessing yes
checking whether stpncpy is declared... yes
checking whether strdup is declared... yes
checking whether strerror(0) succeeds... guessing no
checking for strerror_r... yes
checking whether strncat works... guessing yes
checking whether strnlen is declared... yes
checking whether strsignal is declared... yes
checking whether ldexp() can be used without linking with libm... yes
checking whether strtoimax is declared... yes
checking whether strtoumax is declared... yes
checking whether <sys/ioctl.h> declares ioctl... yes
checking for struct utsname... yes
checking for struct timespec in <time.h>... yes
checking for TIME_UTC in <time.h>... yes
checking whether execvpe is declared... yes
checking whether clearerr_unlocked is declared... yes
checking whether feof_unlocked is declared... yes
checking whether ferror_unlocked is declared... yes
checking whether fgets_unlocked is declared... yes
checking whether fputc_unlocked is declared... yes
checking whether fread_unlocked is declared... yes
checking whether fwrite_unlocked is declared... yes
checking whether getc_unlocked is declared... yes
checking whether getchar_unlocked is declared... yes
checking whether putchar_unlocked is declared... yes
checking whether unsetenv is declared... yes
checking whether the utimes function works... guessing no
checking for inttypes.h... yes
checking for stdint.h... yes
checking for intmax_t... yes
checking whether snprintf truncates the result as in C99... guessing no
checking for wcslen... yes
checking for snprintf... (cached) yes
checking for strnlen... yes
checking for wcrtomb... (cached) yes
checking whether _snprintf is declared... no
checking whether printf supports size specifiers as in C99... guessing no
checking whether printf supports size specifiers as in C23... guessing no
checking whether printf supports 'long double' arguments... guessing yes
checking whether printf supports infinite 'double' arguments... guessing no
checking whether printf supports infinite 'long double' arguments... guessing no
checking whether printf supports the 'a' and 'A' directives... guessing no
checking whether printf supports the 'b' directive... guessing no
checking whether printf supports the 'F' directive... guessing no
checking whether printf supports the 'n' directive... guessing yes
checking whether printf supports the 'ls' directive... guessing yes
checking whether printf supports the 'lc' directive correctly... guessing no
checking whether printf supports the grouping flag... guessing yes
checking whether printf supports the left-adjust flag correctly... guessing yes
checking whether printf supports the zero flag correctly... guessing no
checking whether printf supports large precisions... guessing yes
checking whether printf survives out-of-memory conditions... guessing no
checking for vasprintf... yes
checking whether wcsdup is declared... yes
checking whether wcwidth is declared... yes
checking whether wcwidth works reasonably in UTF-8 locales... guessing no
checking POSIX termios... yes
checking whether use of TIOCGWINSZ requires termios.h... no
checking for C compiler option to allow warnings... -Wno-error
checking for LC_MESSAGES... yes
checking for uselocale... (cached) yes
checking whether uselocale works... (cached) guessing yes
checking for fake locale system (OpenBSD)... guessing no
checking for Solaris 11.4 locale system... no
checking for getlocalename_l... no
checking for CFPreferencesCopyAppValue... no
checking for CFLocaleCopyPreferredLanguages... no
checking for library needed for semaphore functions... none
checking for posix_memalign... yes
checking for alignas and alignof... yes, <stdalign.h> macros
checking for alloca as a compiler built-in... yes
checking whether to enable assertions... yes
checking for static_assert... no
checking whether btowc(0) is correct... guessing yes
checking whether btowc(EOF) is correct... guessing yes
checking whether btowc is consistent with mbrtowc in the C locale... guessing yes
checking whether the C locale is free of encoding errors... (cached) guessing no
checking for __builtin_expect... yes
checking for byteswap.h... yes
checking for strtod_l... yes
checking for strtold_l... yes
checking whether calloc (0, n) and calloc (n, 0) return nonnull... guessing no
checking for faccessat... yes
checking for readlinkat... no
checking whether this system supports file names of any length... no
checking whether chmod works... guessing no
checking for library containing clock_gettime... none required
checking for clock_getres... yes
checking for clock_gettime... yes
checking for clock_settime... yes
checking for closedir... yes
checking for copy_file_range... yes
checking whether openssl is GPL compatible... no
checking whether openssl is GPL compatible... (cached) no
checking whether openssl is GPL compatible... (cached) no
checking whether openssl is GPL compatible... (cached) no
checking for d_ino member in directory struct... (cached) guessing no
checking for d_type member in directory struct... yes
checking for dirfd... yes
checking whether dirfd is declared... yes
checking whether dirfd is a macro... no
checking whether // is distinct from /... (cached) unknown, assuming no
checking whether dup works... guessing yes
checking whether dup2 works... guessing yes
checking for euidaccess... yes
checking for faccessat... (cached) yes
checking for access... yes
checking whether fchmodat works... guessing no
checking for readlinkat... (cached) no
checking for fchownat... yes
checking whether fchownat works with AT_SYMLINK_NOFOLLOW... guessing no
checking whether fchownat works with an empty file name... guessing no
checking whether fflush works on input streams... (cached) cross
checking whether fcntl handles F_DUPFD correctly... guessing yes
checking whether fcntl understands F_DUPFD_CLOEXEC... guessing no
checking for fdatasync... yes
checking whether fdopen sets errno... guessing yes
checking whether fdopendir is declared... yes
checking whether fdopendir works... guessing no
checking whether fflush works on input streams... (cached) cross
checking for getxattr with XATTR_NAME_POSIX_ACL macros... yes
checking for struct stat.st_blocks... yes
checking for mempcpy... (cached) yes
checking for flexible array member... yes
checking whether conversion from 'int' to 'long double' works... guessing yes
checking for working GNU fnmatch... guessing no
checking whether fopen recognizes a trailing slash... guessing yes
checking whether fopen supports the mode character 'x'... guessing no
checking whether fopen supports the mode character 'e'... guessing no
checking for __fpending... yes
checking whether __fpending is declared... yes
checking for __fpurge... yes
checking whether fpurge is declared... no
checking for __freading... yes
checking whether free is known to preserve errno... yes
checking whether freopen works on closed fds... guessing yes
checking whether frexp works... guessing yes
checking whether frexpl is declared... yes
checking whether frexpl() can be used without linking with libm... yes
checking whether frexpl works... guessing yes
checking for fseeko... (cached) yes
checking whether fflush works on input streams... (cached) cross
checking for _fseeki64... no
checking for __fseterr... no
checking whether fstatat (..., 0) works... guessing yes
checking for sys/mount.h... yes
checking for statvfs function (SVR4)... yes
checking whether to use statvfs64... no
checking for two-argument statfs with statfs.f_frsize member... no
checking for sys/fs/s5param.h... no
checking for sys/statfs.h... yes
checking for statfs that truncates block counts... no
checking for ftello... (cached) yes
checking whether ftello works... (cached) guessing yes
checking for strtof... yes
checking for ftruncate... yes
checking for struct statfs.f_type... yes
checking for __fsword_t... yes
checking for fts_open... yes
checking for futimens... yes
checking whether futimens works... guessing yes
checking for library containing getaddrinfo... none required
checking for getaddrinfo... yes
checking whether gai_strerror is declared... yes
checking whether gai_strerrorA is declared... no
checking for gai_strerror with POSIX signature... yes
checking for struct sockaddr.sa_len... no
checking whether getaddrinfo is declared... yes
checking whether freeaddrinfo is declared... yes
checking whether getnameinfo is declared... yes
checking for struct addrinfo... yes
checking whether getcwd handles long file names properly... guessing no
checking for getdelim... yes
checking for working getdelim function... guessing yes
checking whether getdtablesize works... guessing yes
checking for getgroups... no
checking for getgroups in -lbsd... no
checking for gethostname... yes
checking for HOST_NAME_MAX... yes
checking whether gethrtime is declared... no
checking whether CLOCK_MONOTONIC or CLOCK_REALTIME is defined... yes
checking for getline... yes
checking for working getline function... guessing yes
checking for getloadavg... yes
checking for sys/loadavg.h... no
checking whether getloadavg is declared... yes
checking for getpagesize... yes
checking whether getpagesize is declared... yes
checking for getpass without length limitations... yes
checking for getprogname... no
checking whether program_invocation_name is declared... yes
checking whether program_invocation_short_name is declared... yes
checking whether __argv is declared... no
checking for getrandom... yes
checking whether getrandom is compatible with its GNU+BSD signature... yes
checking for gettimeofday with POSIX signature... yes
checking whether getusershell is declared... yes
checking for group_member... yes
checking host operating system... Wasi
checking for library containing gethostbyname... (cached) no
checking for gethostbyname... (cached) no
checking for gethostbyname in winsock2.h and -lws2_32... (cached) no
checking for library containing inet_ntop... (cached) none required
checking whether inet_ntop is declared... (cached) yes
checking whether the compiler generally respects inline... yes
checking for isapipe... no
checking whether pipes are FIFOs (and for their link count)... cross-compiling
checking whether isnan(double) can be used without linking with libm... yes
checking whether isnan(float) can be used without linking with libm... yes
checking whether isnan(float) works... guessing yes
checking whether isnan(long double) can be used without linking with libm... yes
checking whether isnanl works... guessing yes
checking for iswblank... yes
checking whether iswblank is declared... yes
checking whether iswdigit is ISO C compliant... guessing yes
checking whether iswxdigit is ISO C compliant... guessing yes
checking for lchown... yes
checking for C compiler flag to ignore unused libraries... none
checking whether the compiler supports the __inline keyword... yes
checking for gmp.h... no
checking for gmp/gmp.h... no
checking whether link obeys POSIX... guessing no
checking for __xpg4... no
checking whether link(2) dereferences a symlink... unknown
checking for linkat... yes
checking whether linkat() can link symlinks... guessing yes
checking whether linkat handles trailing slash correctly... guessing no
checking for pthread_rwlock_t... yes
checking whether pthread_rwlock_rdlock prefers a writer to a reader... guessing no
checking whether lseek detects pipes... yes
checking whether SEEK_DATA works but is incompatible with GNU... no
checking whether malloc (0) returns nonnull... (cached) guessing no
checking whether mbrtowc handles a NULL pwc argument... (cached) guessing yes
checking whether mbrtowc handles a NULL string argument... (cached) guessing yes
checking whether mbrtowc has a correct return value... (cached) guessing yes
checking whether mbrtowc returns 0 when parsing a NUL character... (cached) guessing yes
checking whether mbrtowc stores incomplete characters... (cached) guessing no
checking whether mbrtowc works on empty input... (cached) guessing yes
checking whether the C locale is free of encoding errors... (cached) guessing no
checking whether mbsrtowcs works... guessing yes
checking whether the C locale is free of encoding errors... (cached) guessing no
checking whether mbswidth is declared in <wchar.h>... no
checking for mbstate_t... (cached) yes
checking for mbtowc... yes
checking for bp-sym.h... no
checking for mempcpy... (cached) yes
checking for memrchr... yes
checking for explicit_memset... no
checking whether mkdir handles trailing slash... guessing no
checking whether mkdir handles trailing dot... guessing no
checking for mkfifo... yes
checking whether mkfifo rejects trailing slashes... guessing no
checking for mknodat... yes
checking for mkfifoat... yes
checking whether mkfifoat rejects trailing slashes... guessing no
checking whether mknod can create fifo without root privileges... guessing no
checking for mkostemp... yes
checking for working mkstemp... guessing no
checking for __mktime_internal... yes
checking for listmntent... no
checking for sys/ucred.h... no
checking for sys/mount.h... (cached) yes
checking for mntent.h... yes
checking for sys/fs_types.h... (cached) no
checking for struct fsstat.f_fstypename... no
checking for library containing getmntent... none required
checking for getmntent... yes
checking for mntctl function and struct vmount... no
checking for one-argument getmntent function... yes
checking for setmntent... yes
checking for endmntent... yes
checking for hasmntopt... yes
checking for sys/mntent.h... no
checking for sys/mkdev.h... no
checking for sys/sysmacros.h... yes
checking for struct statfs.f_fstypename... no
checking for library containing nanosleep... none required
checking for working nanosleep... guessing no
checking whether <netinet/in.h> is self-contained... yes
checking for nl_langinfo... yes
checking whether YESEXPR works... guessing yes
checking for sys/pstat.h... no
checking for sys/sysmp.h... no
checking for sys/param.h... (cached) yes
checking for sys/sysctl.h... no
checking for sched_getaffinity_np... no
checking for pstat_getdynamic... no
checking for sysmp... no
checking for sysctl... (cached) no
checking for sched_getaffinity... yes
checking for glibc compatible sched_getaffinity... yes
checking for obstacks that work with any size object... no
checking whether open recognizes a trailing slash... guessing yes
checking for opendir... yes
checking for bison... bison
checking for bison 2.4 or newer... 3.8.2, ok
checking for struct tm.tm_zone... (cached) yes
checking for Perl 5.005 or newer... perl
checking for sys/pstat.h... (cached) no
checking for sys/sysmp.h... (cached) no
checking for sys/sysinfo.h... yes
checking for machine/hal_sysinfo.h... no
checking for sys/table.h... no
checking for sys/param.h... (cached) yes
checking for sys/systemcfg.h... no
checking for sys/sysctl.h... (cached) no
checking for pstat_getstatic... no
checking for pstat_getdynamic... (cached) no
checking for sysmp... (cached) no
checking for getsysinfo... no
checking for sysctl... (cached) no
checking for table... no
checking for sysinfo... (cached) no
checking for struct sysinfo.mem_unit... yes
checking for pipe2... yes
checking for a shell that conforms to POSIX... /bin/bash
checking for posix_memalign... (cached) yes
checking whether posix_memalign works for large alignments... guessing no
checking whether frexp works... (cached) guessing yes
checking whether ldexp can be used without linking with libm... (cached) yes
checking whether frexpl() can be used without linking with libm... (cached) yes
checking whether frexpl works... (cached) guessing yes
checking whether frexpl is declared... (cached) yes
checking whether ldexpl() can be used without linking with libm... yes
checking whether ldexpl works... guessing yes
checking whether ldexpl is declared... yes
checking for getppriv... no
checking whether program_invocation_name is declared... (cached) yes
checking whether program_invocation_short_name is declared... (cached) yes
checking whether signature of pselect conforms to POSIX... yes
checking whether pselect detects invalid fds... guessing no
checking for pthread_mutexattr_getrobust... yes
checking whether pthread_create exists as a global function... yes
checking whether pthread_mutex_timedlock is declared... yes
checking whether pthread_sigmask is a macro... no
checking whether pthread_sigmask works without -lpthread... guessing yes
checking whether pthread_sigmask returns error numbers... guessing yes
checking whether pthread_sigmask unblocks signals correctly... guessing yes
checking for putenv compatible with GNU and SVID... guessing no
checking whether _putenv is declared... no
checking for xattr library with ATTR_ACTION_PERMISSIONS... no
checking for raise... yes
checking for sigprocmask... yes
checking for rawmemchr... yes
checking for readdir... yes
checking whether readlink signature is correct... yes
checking whether readlink handles trailing slash correctly... guessing no
checking whether readlink truncates results correctly... guessing no
checking for readlinkat... (cached) no
checking whether getutent is declared... yes
checking for struct utmpx.ut_user... yes
checking for struct utmp.ut_user... yes
checking for struct utmpx.ut_name... yes
checking for struct utmp.ut_name... yes
checking for struct utmpx.ut_type... yes
checking for struct utmp.ut_type... yes
checking for struct utmpx.ut_pid... yes
checking for struct utmp.ut_pid... yes
checking for struct utmpx.ut_id... yes
checking for struct utmp.ut_id... yes
checking for struct utmpx.ut_exit... yes
checking for struct utmp.ut_exit... yes
checking for struct utmpx.ut_exit.ut_exit... no
checking for struct utmp.ut_exit.ut_exit... no
checking for struct utmpx.ut_exit.e_exit... yes
checking for struct utmp.ut_exit.e_exit... yes
checking for struct utmpx.ut_exit.ut_termination... no
checking for struct utmp.ut_exit.ut_termination... no
checking for struct utmpx.ut_exit.e_termination... yes
checking for struct utmp.ut_exit.e_termination... yes
checking whether realloc (0, 0) returns nonnull... guessing no
checking for reallocarray... yes
checking for working re_compile_pattern... guessing no
checking for libintl.h... yes
checking whether isblank is declared... yes
checking whether rename honors trailing slash on destination... guessing no
checking whether rename honors trailing slash on source... guessing no
checking whether rename manages hard links correctly... guessing no
checking whether rename manages existing destinations correctly... guessing no
checking for linux/fs.h... (cached) yes
checking for renameat2... yes
checking for linux/fs.h... (cached) yes
checking for renameat2... (cached) yes
checking for rewinddir... yes
checking whether rmdir works... (cached) guessing no
checking for rpmatch... yes
checking whether select supports a 0 argument... guessing yes
checking whether select detects invalid fds... guessing no
checking for selinux/flask.h... no
checking for library containing getservbyname... (cached) none required
checking for getservbyname... (cached) yes
checking whether setenv validates arguments... guessing no
checking whether setlocale (LC_ALL, NULL) is multithread-safe... (cached) guessing no
checking whether setlocale (category, NULL) is multithread-safe... (cached) guessing no
checking whether imported symbols can be declared weak... (cached) guessing no
checking whether the -Werror option is usable... no
checking for simple visibility declarations... yes
checking for sig2str... no
checking for struct sigaction.sa_sigaction... yes
checking for signbit macro... guessing no
checking for signbit compiler built-ins... guessing no
checking where to find the sign bit in a 'float'... unknown
checking where to find the sign bit in a 'double'... unknown
checking where to find the sign bit in a 'long double'... unknown
checking whether copysignf is declared... yes
checking whether copysignf can be used without linking with libm... yes
checking whether copysign is declared... yes
checking whether copysign can be used without linking with libm... yes
checking whether copysignl is declared... yes
checking whether copysignl can be used without linking with libm... yes
checking for sigprocmask... (cached) yes
checking for stdint.h... (cached) yes
checking for SIZE_MAX... yes
checking for smack_new_label_from_self in -lsmack... no
checking for snprintf... (cached) yes
checking whether snprintf respects a size of 1... guessing yes
checking for socklen_t... yes
checking for ssize_t... (cached) yes
checking whether stat handles trailing slashes on files... guessing no
checking for struct stat.st_atim.tv_nsec... yes
checking whether struct stat.st_atim is of type struct timespec... yes
checking for struct stat.st_birthtimespec.tv_nsec... no
checking for struct stat.st_birthtimensec... no
checking for struct stat.st_birthtim.tv_nsec... no
checking for va_copy... yes
checking for bool, true, false... no
checking for stpcpy... yes
checking for stpncpy... yes
checking for working stpncpy... guessing yes
checking for working strnlen... yes
checking for strsignal... yes
checking whether strsignal always returns a string... guessing yes
checking whether strtod obeys C99... guessing yes
checking whether strtoimax works... guessing yes
checking whether strtold obeys POSIX... guessing yes
checking for strtoll... yes
checking whether strtoll works... guessing no
checking for strtoull... yes
checking whether strtoull works... guessing no
checking whether symlink handles trailing slash correctly... guessing no
checking for symlinkat... yes
checking whether symlinkat handles trailing slash correctly... guessing no
checking whether time() works... guessing yes
checking whether localtime_r is declared... yes
checking whether localtime_r is compatible with its POSIX signature... yes
checking whether localtime works even near extrema... guessing yes
checking for timezone_t... no
checking for timegm... yes
checking whether timer_settime is declared... yes
checking for library containing timer_settime... none required
checking for timer_settime... yes
checking whether tmpfile works... guessing yes
checking for uname... yes
checking whether unlink honors trailing slashes... (cached) guessing no
checking whether unlink of a parent directory fails as it should... (cached) guessing yes
checking whether a running program can be unlinked... guessing no
checking for unsetenv... yes
checking for unsetenv() return type... int
checking whether unsetenv obeys POSIX... guessing no
checking for /proc/uptime... no
checking for utime... yes
checking whether utime handles trailing slashes on files... guessing no
checking for futimes... yes
checking for futimesat... yes
checking for lutimes... yes
checking for futimens... (cached) yes
checking for utimensat... yes
checking for utimensat... (cached) yes
checking whether utimensat works... guessing no
checking for variable-length arrays... yes
checking for ptrdiff_t... yes
checking for vasprintf... (cached) yes
checking for nl_langinfo... (cached) yes
checking for ptrdiff_t... (cached) yes
checking for nl_langinfo... (cached) yes
checking for ptrdiff_t... (cached) yes
checking for nl_langinfo... (cached) yes
checking for ptrdiff_t... (cached) yes
checking whether wcrtomb works in the C locale... guessing yes
checking whether wcrtomb return value is correct... guessing yes
checking whether wcwidth is declared... (cached) yes
checking whether wcwidth works reasonably in UTF-8 locales... (cached) guessing no
checking whether use of TIOCGWINSZ requires sys/ioctl.h... yes
checking whether use of TIOCGWINSZ requires termios.h... (cached) no
checking whether use of struct winsize requires sys/ptem.h... no
checking for wmemchr... yes
checking for wmempcpy... yes
checking for stdint.h... (cached) yes
checking for atoll... yes
checking for a traditional french locale... (cached) none
checking for a french Unicode locale... (cached) none
checking for a traditional french locale... (cached) none
checking for a turkish Unicode locale... none
checking for duplocale... yes
checking whether byte ordering is bigendian... (cached) no
checking for library containing inet_pton... none required
checking whether inet_pton is declared... yes
checking whether byte ordering is bigendian... (cached) no
checking for ioctl... yes
checking for ioctl with POSIX signature... no
checking for a traditional french locale... (cached) none
checking for a french Unicode locale... (cached) none
checking for a traditional japanese locale... (cached) none
checking for a transitional chinese locale... (cached) none
checking for a traditional french locale... (cached) none
checking for a french Unicode locale... (cached) none
checking for a traditional japanese locale... (cached) none
checking for a transitional chinese locale... (cached) none
checking for newlocale... yes
checking for newlocale... (cached) yes
checking for duplocale... (cached) yes
checking for freelocale... yes
checking for newlocale... (cached) yes
checking for a traditional french locale... (cached) none
checking for a french Unicode locale... (cached) none
checking for a traditional japanese locale... (cached) none
checking for a transitional chinese locale... (cached) none
checking for a traditional french locale... (cached) none
checking for a french Unicode locale... (cached) none
checking for a traditional japanese locale... (cached) none
checking for a transitional chinese locale... (cached) none
checking for a turkish Unicode locale... (cached) none
checking for a transitional chinese locale... (cached) none
checking for a french Unicode locale... (cached) none
checking for a traditional french locale... (cached) none
checking for a french Unicode locale... (cached) none
checking for a traditional japanese locale... (cached) none
checking for a transitional chinese locale... (cached) none
checking for a french Unicode locale... (cached) none
checking for a transitional chinese locale... (cached) none
checking for a traditional french locale... (cached) none
checking for a french Unicode locale... (cached) none
checking for uselocale... (cached) yes
checking whether uselocale works... (cached) guessing yes
checking whether perror matches strerror... guessing no
checking whether sched_yield is declared... yes
checking whether setlocale supports the C locale... guessing yes
checking for a traditional french locale... (cached) none
checking for a french Unicode locale... (cached) none
checking for a traditional japanese locale... (cached) none
checking for a transitional chinese locale... (cached) none
checking whether sleep is declared... yes
checking for working sleep... guessing no
checking for catgets... yes
checking for a traditional french locale... (cached) none
checking for a french Unicode locale... (cached) none
checking for a traditional french locale... (cached) none
checking for a french Unicode locale... (cached) none
checking for pthread_atfork... yes
checking for sys/single_threaded.h... yes
checking for a french Unicode locale... (cached) none
checking for a transitional chinese locale... (cached) none
checking for useconds_t... yes
checking whether usleep allows large arguments... guessing no
checking for a traditional french locale... (cached) none
checking for a french Unicode locale... (cached) none
checking for a traditional japanese locale... (cached) none
checking for a transitional chinese locale... (cached) none
checking whether wctob works... guessing yes
checking whether wctob is declared... yes
checking for working volatile... yes
checking for unsigned long long int... yes
checking for sys/sysctl.h... (cached) no
checking whether geteuid is declared... yes
checking whether getuid is declared... yes
checking whether getgrgid is declared... yes
checking whether getpwuid is declared... yes
checking whether ttyname is declared... yes
checking whether setregid is declared... yes
checking for declarations of fseeko and ftello... yes
checking for struct stat.st_author... no
checking for ino_t... yes
checking for major_t... no
checking for minor_t... no
checking for mode_to_security_class... no
checking for inotify_init... yes
checking for nfs/vfs.h... no
checking for struct statvfs.f_basetype... no
checking for struct statvfs.f_fstypename... no
checking for struct statvfs.f_type... yes
checking for struct statvfs.f_namemax... yes
checking for library containing fdatasync... none required
checking for fdatasync... (cached) yes
checking for cap_get_file in -lcap... no
checking for working fork... cross
checking for working vfork... (cached) yes
checking for chroot... yes
checking for gethostid... no
checking for sigsuspend... yes
checking whether use of struct winsize requires sys/ptem.h... (cached) no
checking whether localtime caches TZ... no
checking for fclonefileat... no
checking for getattrat... no
checking for statx... yes
checking for initgroups... yes
checking for syslog... yes
checking for 3-argument setpriority function... no
checking for nice... yes
checking ut_host in struct utmp... yes
checking for sysctl... (cached) no
checking for sys/sysctl.h... (cached) no
checking whether we can get the system boot time... yes
checking POSIX termios... (cached) yes
checking whether use of TIOCGWINSZ requires sys/ioctl.h... (cached) yes
checking whether termios.h needs _XOPEN_SOURCE... no
checking c_line in struct termios... yes
checking whether use of struct winsize requires sys/ptem.h... (cached) no
checking whether use of TIOCGWINSZ requires termios.h... (cached) no
checking whether strsignal is declared... (cached) yes
checking whether sys_siglist is declared... no
checking whether _sys_siglist is declared... no
checking whether __sys_siglist is declared... no
checking whether C compiler handles -Werror... yes
checking whether C compiler handles -errwarn... no
checking whether this system supports stdbuf... no
checking if __get_cpuid available... no
checking if pclmul intrinsic exists... no
checking if __get_cpuid_count exists... no
checking if avx2 intrinstics exists... no
checking whether NLS is requested... yes
checking for msgfmt... no
checking for gmsgfmt... :
checking for xgettext... no
checking for msgmerge... no
checking for CFPreferencesCopyAppValue... (cached) no
checking for CFLocaleCopyPreferredLanguages... (cached) no
checking for GNU gettext in libc... yes
checking whether to use NLS... yes
checking where the gettext function comes from... libc
checking for a traditional french locale... (cached) none
checking that generated files are newer than configure... done
configure: creating ./config.status
config.status: creating Makefile
config.status: creating po/Makefile.in
config.status: creating gnulib-tests/Makefile
config.status: creating lib/config.h
config.status: lib/config.h is unchanged
config.status: executing depfiles commands
config.status: executing po-directories commands
config.status: creating po/POTFILES
config.status: creating po/Makefile
